---
source: crates/pasta_lua/tests/transpiler/snapshot_test.rs
expression: lua_code
---
local PASTA = require "pasta"
local GLOBAL = require "pasta.global"

do
    local SCENE = PASTA.create_scene("メイン")

    function SCENE.__start__(act, ...)
        local args = { ... }
        local save, var = act:init_scene(SCENE)

        var.カウンタ = "10"
        save.グローバル = "永続値"
        act.さくら:talk("「カウンタは")
        act.さくら:talk(var.カウンタ, "var.カウンタ")
        act.さくら:talk("、グローバルは")
        act.さくら:talk(save.グローバル, "save.グローバル")
        act.さくら:talk("」")
    end
end
